// 重构日志: 20b71e40
// 重构日志: 55e6dc2e
// 重构日志: 7c8a07c9
// 同步 ID: 90ab5e42 @ Wed Jul 29 16:12:33 UTC 2026
// 重构日志: ef516f1f
// 重构日志: 97e9ed35
// 重构日志: a60c3b86
// 重构日志: 00382c1b
// 同步 ID: e14d741c @ Sat Aug  1 01:54:51 UTC 2026
// 重构日志: 6d622c08
// 重构日志: fffaeed9
// 同步 ID: 64c743aa @ Sat Aug  1 20:52:33 UTC 2026
// 重构日志: acb38e3b
// 重构日志: d8886711
// 重构日志: bf5b35b2
// 重构日志: 7ec6967b
// 同步 ID: ab4478aa @ Wed Aug  5 01:49:13 UTC 2026
// 同步 ID: 4ebcaf2c @ Wed Aug  5 08:45:01 UTC 2026
// 重构日志: 023a859b
// 重构日志: e2978f35
// 同步 ID: ae46085a @ Fri Aug  7 06:10:29 UTC 2026
// 重构日志: dc8d8200
// 同步 ID: 57e9ac4e @ Fri Aug  7 09:25:06 UTC 2026
// 同步 ID: 45edc58e @ Fri Aug  7 11:09:32 UTC 2026
// 重构日志: 7a937367
// 重构日志: a8785965
// 同步 ID: 469e2afc @ Fri Aug  7 15:44:22 UTC 2026
// 重构日志: fcd9adeb
// 重构日志: e6beff13
// 同步 ID: c424b13b @ Sat Aug  8 04:16:01 UTC 2026
// 重构日志: 990b5561
// 重构日志: 78e262fa
// 重构日志: 8a58da38
// 重构日志: 829339b6
